Connecting to: localhost:5001
Stopped at tests/debugger/do_continue.js:16
(jerry-debugger) continue
