Connecting to: localhost:5001
Stopped at tests/debugger/do_eval.js:15
(jerry-debugger) e a
undefined
(jerry-debugger) n
Stopped at tests/debugger/do_eval.js:23
(jerry-debugger) eval a
5
(jerry-debugger) break f
Breakpoint 1 at tests/debugger/do_eval.js:19 (in f() at line:17, col:1)
(jerry-debugger) n
Stopped at breakpoint:1 tests/debugger/do_eval.js:19 (in f() at line:17, col:1)
(jerry-debugger) e b
undefined
(jerry-debugger) next
Stopped at tests/debugger/do_eval.js:20 (in f() at line:17, col:1)
(jerry-debugger) e b
6
(jerry-debugger) e "1234567890 1234567890 1234567890 1234567890 1234567890 1234567890 1234567890 1234567890 1234567890 1234567890 XXX 1234567890 1234567890 1234567890 1234567890 1234567890 1234567890 1234567890 1234567890 1234567890 1234567890 YYY 1234567890 1234567890 1234567890 1234567890 1234567890 1234567890 1234567890 1234567890 1234567890 1234567890 ZZZ " + 123
1234567890 1234567890 1234567890 1234567890 1234567890 1234567890 1234567890 1234567890 1234567890 1234567890 XXX 1234567890 1234567890 1234567890 1234567890 1234567890 1234567890 1234567890 1234567890 1234567890 1234567890 YYY 1234567890 1234567890 1234567890 1234567890 1234567890 1234567890 1234567890 1234567890 1234567890 1234567890 ZZZ 123
(jerry-debugger) e b = 8
8
(jerry-debugger) n
Stopped at tests/debugger/do_eval.js:24
(jerry-debugger) e a
11.3
(jerry-debugger) c
