Connecting to: localhost:5001
Stopped at tests/debugger/do_help.js:15
(jerry-debugger) help

Documented commands (type help <topic>):
========================================
abort      c         e          finish    n        s       step     
b          continue  eval       help      next     scopes  throw    
backtrace  delete    eval_at    list      quit     scroll  variables
break      display   exception  memstats  res      source
bt         dump      f          ms        restart  src   

(jerry-debugger) quit
